../Core/Src/main.c:93:5:main	160	static
../Core/Src/main.c:201:6:SystemClock_Config	88	static
../Core/Src/main.c:249:13:MX_I2C1_Init	8	static
../Core/Src/main.c:283:13:MX_USART2_UART_Init	8	static
../Core/Src/main.c:316:13:MX_GPIO_Init	48	static
../Core/Src/main.c:384:6:StartDefaultTask	16	static
../Core/Src/main.c:402:6:Keypad	24	static
../Core/Src/main.c:441:6:Display	16	static
../Core/Src/main.c:484:6:RedGreenLED	16	static
../Core/Src/main.c:509:6:ArmState	16	static
../Core/Src/main.c:531:6:HAL_TIM_PeriodElapsedCallback	16	static
../Core/Src/main.c:548:6:Error_Handler	4	static,ignoring_inline_asm
