../Core/Src/main.c:90:5:main	128	static
../Core/Src/main.c:188:6:SystemClock_Config	88	static
../Core/Src/main.c:236:13:MX_I2C1_Init	8	static
../Core/Src/main.c:270:13:MX_USART2_UART_Init	8	static
../Core/Src/main.c:303:13:MX_GPIO_Init	48	static
../Core/Src/main.c:371:6:StartDefaultTask	16	static
../Core/Src/main.c:389:6:Numberpad	24	static
../Core/Src/main.c:421:6:LCDDisplay	24	static
../Core/Src/main.c:446:6:RedGreenLED	16	static
../Core/Src/main.c:471:6:HAL_TIM_PeriodElapsedCallback	16	static
../Core/Src/main.c:488:6:Error_Handler	4	static,ignoring_inline_asm
