../Core/Src/main.c:100:5:main	184	static
../Core/Src/main.c:211:6:SystemClock_Config	88	static
../Core/Src/main.c:259:13:MX_I2C1_Init	8	static
../Core/Src/main.c:293:13:MX_USART2_UART_Init	8	static
../Core/Src/main.c:326:13:MX_GPIO_Init	48	static
../Core/Src/main.c:394:6:StartDefaultTask	16	static
../Core/Src/main.c:412:6:Numberpad	40	static
../Core/Src/main.c:484:6:LCDDisplay	24	static
../Core/Src/main.c:537:6:RedGreenLED	16	static
../Core/Src/main.c:561:6:StartBuzzer	16	static
../Core/Src/main.c:579:6:StartMotionDetector	16	static
../Core/Src/main.c:606:6:HAL_TIM_PeriodElapsedCallback	16	static
../Core/Src/main.c:623:6:Error_Handler	4	static,ignoring_inline_asm
